Component: ARM Compiler 5.06 update 7 (build 960) Tool: armlink [4d3601]

==============================================================================

Section Cross References

    i2c.o(.text) refers to i2c.o(.data) for timeout
    lcd1602.o(.text) refers to i2c.o(.text) for I2C_Write
    lcd1602.o(.text) refers to aeabi_sdiv.o(.text) for __aeabi_idivmod
    lcd1602.o(.text) refers to lcd1602.o(.data) for lcd_backlight
    main.o(.text) refers to fsm.o(.text) for nextFSMState
    main.o(.text) refers to led.o(.text) for LED_Init
    main.o(.text) refers to buttons.o(.text) for buttonsInitialize
    main.o(.text) refers to uart0.o(.text) for UART0_Init
    main.o(.text) refers to aeabi_sdiv.o(.text) for __aeabi_uidivmod
    main.o(.text) refers to system_mkl05z4.o(.data) for SystemCoreClock
    led.o(.text) refers to led.o(.data) for led
    fsm.o(.text) refers to _printf_percent.o(.ARM.Collect$$_printf_percent$$00000000) for _printf_percent
    fsm.o(.text) refers to _printf_d.o(.ARM.Collect$$_printf_percent$$00000009) for _printf_d
    fsm.o(.text) refers to _printf_dec.o(.text) for _printf_int_dec
    fsm.o(.text) refers to _printf_c.o(.ARM.Collect$$_printf_percent$$00000013) for _printf_c
    fsm.o(.text) refers to _printf_str.o(.text) for _printf_str
    fsm.o(.text) refers to fflti.o(.text) for __aeabi_ui2f
    fsm.o(.text) refers to lcd1602.o(.text) for LCD1602_Init
    fsm.o(.text) refers to adc.o(.text) for ADC_Init
    fsm.o(.text) refers to noretval__2sprintf.o(.text) for __2sprintf
    fsm.o(.text) refers to led.o(.text) for DISP_Select
    fsm.o(.text) refers to fmul.o(x$fpl$fmul) for __aeabi_fmul
    fsm.o(.text) refers to f2d.o(.text) for __aeabi_f2d
    fsm.o(.text) refers to daddsub.o(.text) for __aeabi_dadd
    fsm.o(.text) refers to ddiv.o(.text) for __aeabi_ddiv
    fsm.o(.text) refers to dlef.o(x$fpl$dleqf) for __aeabi_cdcmple
    fsm.o(.text) refers to rt_memcpy.o(.emb_text) for __aeabi_memcpy4
    fsm.o(.text) refers to fsm.o(.data) for temp
    fsm.o(.text) refers to fsm.o(.bss) for measurement_memory
    fsm.o(.text) refers to fsm.o(i.__ARM_common_switch8) for __ARM_common_switch8
    buttons.o(.text) refers to fsm.o(.text) for set_flag_button_pressed
    startup_mkl05z4.o(STACK) refers (Special) to heapauxi.o(.text) for __use_two_region_memory
    startup_mkl05z4.o(HEAP) refers (Special) to heapauxi.o(.text) for __use_two_region_memory
    startup_mkl05z4.o(RESET) refers (Special) to heapauxi.o(.text) for __use_two_region_memory
    startup_mkl05z4.o(RESET) refers to startup_mkl05z4.o(STACK) for __initial_sp
    startup_mkl05z4.o(RESET) refers to startup_mkl05z4.o(.text) for Reset_Handler
    startup_mkl05z4.o(RESET) refers to main.o(.text) for SysTick_Handler
    startup_mkl05z4.o(RESET) refers to fsm.o(.text) for ADC0_IRQHandler
    startup_mkl05z4.o(RESET) refers to buttons.o(.text) for PORTA_IRQHandler
    startup_mkl05z4.o(.ARM.__at_0x400) refers (Special) to heapauxi.o(.text) for __use_two_region_memory
    startup_mkl05z4.o(.text) refers (Special) to heapauxi.o(.text) for __use_two_region_memory
    startup_mkl05z4.o(.text) refers to system_mkl05z4.o(.text) for SystemInit
    startup_mkl05z4.o(.text) refers to __main.o(!!!main) for __main
    startup_mkl05z4.o(.text) refers to startup_mkl05z4.o(HEAP) for Heap_Mem
    startup_mkl05z4.o(.text) refers to startup_mkl05z4.o(STACK) for Stack_Mem
    system_mkl05z4.o(.text) refers to aeabi_sdiv.o(.text) for __aeabi_uidivmod
    system_mkl05z4.o(.text) refers to fsm.o(i.__ARM_common_switch8) for __ARM_common_switch8
    system_mkl05z4.o(.text) refers to system_mkl05z4.o(.data) for SystemCoreClock
    __2sprintf.o(.text) refers to _printf_char_common.o(.text) for _printf_char_common
    __2sprintf.o(.text) refers to _sputc.o(.text) for _sputc
    noretval__2sprintf.o(.text) refers to _printf_char_common.o(.text) for _printf_char_common
    noretval__2sprintf.o(.text) refers to _sputc.o(.text) for _sputc
    __printf.o(.text) refers to _printf_percent.o(.ARM.Collect$$_printf_percent$$00000000) for _printf_percent
    _printf_str.o(.text) refers (Special) to _printf_char.o(.text) for _printf_cs_common
    _printf_dec.o(.text) refers to rtudiv10.o(.text) for __rt_udiv10
    _printf_dec.o(.text) refers to _printf_intcommon.o(.text) for _printf_int_common
    __printf_flags.o(.text) refers to _printf_percent.o(.ARM.Collect$$_printf_percent$$00000000) for _printf_percent
    __printf_flags.o(.text) refers to __printf_flags.o(.constdata) for .constdata
    __printf_ss.o(.text) refers to _printf_percent.o(.ARM.Collect$$_printf_percent$$00000000) for _printf_percent
    __printf_flags_ss.o(.text) refers to _printf_percent.o(.ARM.Collect$$_printf_percent$$00000000) for _printf_percent
    __printf_flags_ss.o(.text) refers to __printf_flags_ss.o(.constdata) for .constdata
    __printf_wp.o(.text) refers to __printf_wp.o(i._is_digit) for _is_digit
    __printf_wp.o(.text) refers to _printf_percent.o(.ARM.Collect$$_printf_percent$$00000000) for _printf_percent
    __printf_flags_wp.o(.text) refers to __printf_wp.o(i._is_digit) for _is_digit
    __printf_flags_wp.o(.text) refers to _printf_percent.o(.ARM.Collect$$_printf_percent$$00000000) for _printf_percent
    __printf_flags_wp.o(.text) refers to __printf_flags_wp.o(.constdata) for .constdata
    __printf_ss_wp.o(.text) refers to __printf_wp.o(i._is_digit) for _is_digit
    __printf_ss_wp.o(.text) refers to _printf_percent.o(.ARM.Collect$$_printf_percent$$00000000) for _printf_percent
    __printf_flags_ss_wp.o(.text) refers to __printf_wp.o(i._is_digit) for _is_digit
    __printf_flags_ss_wp.o(.text) refers to _printf_percent.o(.ARM.Collect$$_printf_percent$$00000000) for _printf_percent
    __printf_flags_ss_wp.o(.text) refers to __printf_flags_ss_wp.o(.constdata) for .constdata
    _printf_c.o(.ARM.Collect$$_printf_percent$$00000013) refers (Weak) to _printf_char.o(.text) for _printf_char
    _printf_d.o(.ARM.Collect$$_printf_percent$$00000009) refers (Weak) to _printf_dec.o(.text) for _printf_int_dec
    _printf_percent.o(.ARM.Collect$$_printf_percent$$00000000) refers (Special) to _printf_percent_end.o(.ARM.Collect$$_printf_percent$$00000017) for _printf_percent_end
    rt_memcpy.o(.text) refers to rt_memcpy.o(.emb_text) for __aeabi_memcpy4
    __main.o(!!!main) refers to __rtentry.o(.ARM.Collect$$rtentry$$00000000) for __rt_entry
    daddsub.o(.text) refers (Special) to usenofp.o(x$fpl$usenofp) for __I$use$fp
    ddiv.o(.text) refers (Special) to usenofp.o(x$fpl$usenofp) for __I$use$fp
    ddiv.o(.text) refers to ddiv.o(.constdata) for .constdata
    ddiv.o(.constdata) refers (Special) to usenofp.o(x$fpl$usenofp) for __I$use$fp
    dlef.o(x$fpl$dleqf) refers (Special) to usenofp.o(x$fpl$usenofp) for __I$use$fp
    dlef.o(x$fpl$dleqf) refers to dcmpin.o(.text) for __fpl_dcmp_InfNaN
    f2d.o(.text) refers (Special) to usenofp.o(x$fpl$usenofp) for __I$use$fp
    fflti.o(.text) refers (Special) to usenofp.o(x$fpl$usenofp) for __I$use$fp
    fmul.o(x$fpl$fmul) refers (Special) to usenofp.o(x$fpl$usenofp) for __I$use$fp
    __rtentry.o(.ARM.Collect$$rtentry$$00000000) refers (Special) to __rtentry2.o(.ARM.Collect$$rtentry$$0000000A) for __rt_entry_li
    __rtentry.o(.ARM.Collect$$rtentry$$00000000) refers (Special) to __rtentry2.o(.ARM.Collect$$rtentry$$0000000D) for __rt_entry_main
    __rtentry.o(.ARM.Collect$$rtentry$$00000000) refers (Special) to __rtentry2.o(.ARM.Collect$$rtentry$$0000000C) for __rt_entry_postli_1
    __rtentry.o(.ARM.Collect$$rtentry$$00000000) refers (Special) to __rtentry2.o(.ARM.Collect$$rtentry$$00000009) for __rt_entry_postsh_1
    __rtentry.o(.ARM.Collect$$rtentry$$00000000) refers (Special) to __rtentry2.o(.ARM.Collect$$rtentry$$00000002) for __rt_entry_presh_1
    __rtentry.o(.ARM.Collect$$rtentry$$00000000) refers (Special) to __rtentry4.o(.ARM.Collect$$rtentry$$00000004) for __rt_entry_sh
    aeabi_idiv0_sigfpe.o(.text) refers to rt_div0.o(.text) for __rt_div0
    _printf_char_common.o(.text) refers to __printf.o(.text) for __printf
    _printf_char.o(.text) refers (Weak) to _printf_str.o(.text) for _printf_str
    dcmpin.o(.text) refers (Special) to usenofp.o(x$fpl$usenofp) for __I$use$fp
    dcmpin.o(.text) refers to cmpret.o(.text) for __fpl_cmpreturn
    dcmpin.o(.text) refers to dnan2.o(.text) for __fpl_dcheck_NaN2
    __rtentry2.o(.ARM.Collect$$rtentry$$00000008) refers to boardinit2.o(.text) for _platform_post_stackheap_init
    __rtentry2.o(.ARM.Collect$$rtentry$$0000000A) refers to libinit.o(.ARM.Collect$$libinit$$00000000) for __rt_lib_init
    __rtentry2.o(.ARM.Collect$$rtentry$$0000000B) refers to boardinit3.o(.text) for _platform_post_lib_init
    __rtentry2.o(.ARM.Collect$$rtentry$$0000000D) refers to main.o(.text) for main
    __rtentry2.o(.ARM.Collect$$rtentry$$0000000D) refers to exit.o(.text) for exit
    __rtentry2.o(.ARM.exidx) refers to __rtentry2.o(.ARM.Collect$$rtentry$$00000001) for .ARM.Collect$$rtentry$$00000001
    __rtentry2.o(.ARM.exidx) refers to __rtentry2.o(.ARM.Collect$$rtentry$$00000008) for .ARM.Collect$$rtentry$$00000008
    __rtentry2.o(.ARM.exidx) refers to __rtentry2.o(.ARM.Collect$$rtentry$$0000000A) for .ARM.Collect$$rtentry$$0000000A
    __rtentry2.o(.ARM.exidx) refers to __rtentry2.o(.ARM.Collect$$rtentry$$0000000B) for .ARM.Collect$$rtentry$$0000000B
    __rtentry2.o(.ARM.exidx) refers to __rtentry2.o(.ARM.Collect$$rtentry$$0000000D) for .ARM.Collect$$rtentry$$0000000D
    __rtentry4.o(.ARM.Collect$$rtentry$$00000004) refers to sys_stackheap_outer.o(.text) for __user_setup_stackheap
    __rtentry4.o(.ARM.exidx) refers to __rtentry4.o(.ARM.Collect$$rtentry$$00000004) for .ARM.Collect$$rtentry$$00000004
    rt_div0.o(.text) refers to defsig_fpe_outer.o(.text) for __rt_SIGFPE
    cmpret.o(.text) refers (Special) to usenofp.o(x$fpl$usenofp) for __I$use$fp
    dnan2.o(.text) refers (Special) to usenofp.o(x$fpl$usenofp) for __I$use$fp
    dnan2.o(.text) refers to retnan.o(.text) for __fpl_return_NaN
    sys_stackheap_outer.o(.text) refers to libspace.o(.text) for __user_perproc_libspace
    sys_stackheap_outer.o(.text) refers to startup_mkl05z4.o(.text) for __user_initial_stackheap
    sys_stackheap_outer.o(__vectab_stack_and_reset_area) refers to tempstk.o(.text) for __temporary_stack_top
    sys_stackheap_outer.o(__vectab_stack_and_reset_area) refers to __main.o(!!!main) for __main
    exit.o(.text) refers to rtexit.o(.ARM.Collect$$rtexit$$00000000) for __rt_exit
    defsig_fpe_outer.o(.text) refers to defsig_fpe_inner.o(.text) for __rt_SIGFPE_inner
    defsig_fpe_outer.o(.text) refers to defsig_exit.o(.text) for __sig_exit
    defsig_fpe_formal.o(.text) refers to rt_raise.o(.text) for __rt_raise
    libinit.o(.ARM.Collect$$libinit$$00000000) refers (Special) to libinit2.o(.ARM.Collect$$libinit$$0000002E) for __rt_lib_init_alloca_1
    libinit.o(.ARM.Collect$$libinit$$00000000) refers (Special) to libinit2.o(.ARM.Collect$$libinit$$0000002C) for __rt_lib_init_argv_1
    libinit.o(.ARM.Collect$$libinit$$00000000) refers (Special) to libinit2.o(.ARM.Collect$$libinit$$0000001B) for __rt_lib_init_atexit_1
    libinit.o(.ARM.Collect$$libinit$$00000000) refers (Special) to libinit2.o(.ARM.Collect$$libinit$$00000021) for __rt_lib_init_clock_1
    libinit.o(.ARM.Collect$$libinit$$00000000) refers (Special) to libinit2.o(.ARM.Collect$$libinit$$00000032) for __rt_lib_init_cpp_1
    libinit.o(.ARM.Collect$$libinit$$00000000) refers (Special) to libinit2.o(.ARM.Collect$$libinit$$00000030) for __rt_lib_init_exceptions_1
    libinit.o(.ARM.Collect$$libinit$$00000000) refers (Special) to libinit2.o(.ARM.Collect$$libinit$$00000002) for __rt_lib_init_fp_1
    libinit.o(.ARM.Collect$$libinit$$00000000) refers (Special) to libinit2.o(.ARM.Collect$$libinit$$0000001F) for __rt_lib_init_fp_trap_1
    libinit.o(.ARM.Collect$$libinit$$00000000) refers (Special) to libinit2.o(.ARM.Collect$$libinit$$00000023) for __rt_lib_init_getenv_1
    libinit.o(.ARM.Collect$$libinit$$00000000) refers (Special) to libinit2.o(.ARM.Collect$$libinit$$0000000A) for __rt_lib_init_heap_1
    libinit.o(.ARM.Collect$$libinit$$00000000) refers (Special) to libinit2.o(.ARM.Collect$$libinit$$00000011) for __rt_lib_init_lc_collate_1
    libinit.o(.ARM.Collect$$libinit$$00000000) refers (Special) to libinit2.o(.ARM.Collect$$libinit$$00000013) for __rt_lib_init_lc_ctype_1
    libinit.o(.ARM.Collect$$libinit$$00000000) refers (Special) to libinit2.o(.ARM.Collect$$libinit$$00000015) for __rt_lib_init_lc_monetary_1
    libinit.o(.ARM.Collect$$libinit$$00000000) refers (Special) to libinit2.o(.ARM.Collect$$libinit$$00000017) for __rt_lib_init_lc_numeric_1
    libinit.o(.ARM.Collect$$libinit$$00000000) refers (Special) to libinit2.o(.ARM.Collect$$libinit$$00000019) for __rt_lib_init_lc_time_1
    libinit.o(.ARM.Collect$$libinit$$00000000) refers (Special) to libinit2.o(.ARM.Collect$$libinit$$00000004) for __rt_lib_init_preinit_1
    libinit.o(.ARM.Collect$$libinit$$00000000) refers (Special) to libinit2.o(.ARM.Collect$$libinit$$0000000E) for __rt_lib_init_rand_1
    libinit.o(.ARM.Collect$$libinit$$00000000) refers (Special) to libinit2.o(.ARM.Collect$$libinit$$00000033) for __rt_lib_init_return
    libinit.o(.ARM.Collect$$libinit$$00000000) refers (Special) to libinit2.o(.ARM.Collect$$libinit$$0000001D) for __rt_lib_init_signal_1
    libinit.o(.ARM.Collect$$libinit$$00000000) refers (Special) to libinit2.o(.ARM.Collect$$libinit$$00000025) for __rt_lib_init_stdio_1
    libinit.o(.ARM.Collect$$libinit$$00000000) refers (Special) to libinit2.o(.ARM.Collect$$libinit$$0000000C) for __rt_lib_init_user_alloc_1
    retnan.o(.text) refers (Special) to usenofp.o(x$fpl$usenofp) for __I$use$fp
    retnan.o(.text) refers to cmpret.o(.text) for __fpl_cmpreturn
    libspace.o(.text) refers to libspace.o(.bss) for __libspace_start
    rtexit.o(.ARM.Collect$$rtexit$$00000000) refers (Special) to rtexit2.o(.ARM.Collect$$rtexit$$00000004) for __rt_exit_exit
    rtexit.o(.ARM.Collect$$rtexit$$00000000) refers (Special) to rtexit2.o(.ARM.Collect$$rtexit$$00000003) for __rt_exit_ls
    rtexit.o(.ARM.Collect$$rtexit$$00000000) refers (Special) to rtexit2.o(.ARM.Collect$$rtexit$$00000002) for __rt_exit_prels_1
    rtexit.o(.ARM.exidx) refers (Special) to rtexit2.o(.ARM.Collect$$rtexit$$00000004) for __rt_exit_exit
    rtexit.o(.ARM.exidx) refers (Special) to rtexit2.o(.ARM.Collect$$rtexit$$00000003) for __rt_exit_ls
    rtexit.o(.ARM.exidx) refers (Special) to rtexit2.o(.ARM.Collect$$rtexit$$00000002) for __rt_exit_prels_1
    rtexit.o(.ARM.exidx) refers to rtexit.o(.ARM.Collect$$rtexit$$00000000) for .ARM.Collect$$rtexit$$00000000
    rt_raise.o(.text) refers to __raise.o(.text) for __raise
    rt_raise.o(.text) refers to sys_exit.o(.text) for _sys_exit
    defsig_exit.o(.text) refers to sys_exit.o(.text) for _sys_exit
    defsig_fpe_inner.o(.text) refers to defsig_general.o(.text) for __default_signal_display
    libinit2.o(.ARM.Collect$$libinit$$00000010) refers to libinit2.o(.ARM.Collect$$libinit$$0000000F) for .ARM.Collect$$libinit$$0000000F
    libinit2.o(.ARM.Collect$$libinit$$00000012) refers to libinit2.o(.ARM.Collect$$libinit$$0000000F) for .ARM.Collect$$libinit$$0000000F
    libinit2.o(.ARM.Collect$$libinit$$00000014) refers to libinit2.o(.ARM.Collect$$libinit$$0000000F) for .ARM.Collect$$libinit$$0000000F
    libinit2.o(.ARM.Collect$$libinit$$00000016) refers to libinit2.o(.ARM.Collect$$libinit$$0000000F) for .ARM.Collect$$libinit$$0000000F
    libinit2.o(.ARM.Collect$$libinit$$00000018) refers to libinit2.o(.ARM.Collect$$libinit$$0000000F) for .ARM.Collect$$libinit$$0000000F
    libinit2.o(.ARM.Collect$$libinit$$00000026) refers to argv_veneer.o(.text) for __ARM_argv_veneer
    libinit2.o(.ARM.Collect$$libinit$$00000027) refers to argv_veneer.o(.text) for __ARM_argv_veneer
    sys_exit.o(.text) refers (Special) to use_no_semi.o(.text) for __I$use$semihosting
    sys_exit.o(.text) refers (Special) to indicate_semi.o(.text) for __semihosting_library_function
    rtexit2.o(.ARM.Collect$$rtexit$$00000003) refers to libshutdown.o(.ARM.Collect$$libshutdown$$00000000) for __rt_lib_shutdown
    rtexit2.o(.ARM.Collect$$rtexit$$00000004) refers to sys_exit.o(.text) for _sys_exit
    rtexit2.o(.ARM.exidx) refers to rtexit2.o(.ARM.Collect$$rtexit$$00000001) for .ARM.Collect$$rtexit$$00000001
    rtexit2.o(.ARM.exidx) refers to rtexit2.o(.ARM.Collect$$rtexit$$00000003) for .ARM.Collect$$rtexit$$00000003
    rtexit2.o(.ARM.exidx) refers to rtexit2.o(.ARM.Collect$$rtexit$$00000004) for .ARM.Collect$$rtexit$$00000004
    __raise.o(.text) refers to defsig.o(CL$$defsig) for __default_signal_handler
    defsig_general.o(.text) refers to sys_wrch.o(.text) for _ttywrch
    sys_wrch.o(.text) refers (Special) to use_no_semi.o(.text) for __I$use$semihosting
    sys_wrch.o(.text) refers (Special) to indicate_semi.o(.text) for __semihosting_library_function
    defsig.o(CL$$defsig) refers to defsig_fpe_inner.o(.text) for __rt_SIGFPE_inner
    defsig.o(CL$$defsig) refers to defsig_rtmem_inner.o(.text) for __rt_SIGRTMEM_inner
    _get_argv_nomalloc.o(.text) refers (Special) to hrguard.o(.text) for __heap_region$guard
    _get_argv_nomalloc.o(.text) refers to defsig_rtmem_outer.o(.text) for __rt_SIGRTMEM
    _get_argv_nomalloc.o(.text) refers to sys_command.o(.text) for _sys_command_string
    libshutdown.o(.ARM.Collect$$libshutdown$$00000000) refers (Special) to libshutdown2.o(.ARM.Collect$$libshutdown$$00000004) for __rt_lib_shutdown_cpp_1
    libshutdown.o(.ARM.Collect$$libshutdown$$00000000) refers (Special) to libshutdown2.o(.ARM.Collect$$libshutdown$$00000002) for __rt_lib_shutdown_fini_1
    libshutdown.o(.ARM.Collect$$libshutdown$$00000000) refers (Special) to libshutdown2.o(.ARM.Collect$$libshutdown$$00000009) for __rt_lib_shutdown_fp_trap_1
    libshutdown.o(.ARM.Collect$$libshutdown$$00000000) refers (Special) to libshutdown2.o(.ARM.Collect$$libshutdown$$00000011) for __rt_lib_shutdown_heap_1
    libshutdown.o(.ARM.Collect$$libshutdown$$00000000) refers (Special) to libshutdown2.o(.ARM.Collect$$libshutdown$$00000012) for __rt_lib_shutdown_return
    libshutdown.o(.ARM.Collect$$libshutdown$$00000000) refers (Special) to libshutdown2.o(.ARM.Collect$$libshutdown$$0000000C) for __rt_lib_shutdown_signal_1
    libshutdown.o(.ARM.Collect$$libshutdown$$00000000) refers (Special) to libshutdown2.o(.ARM.Collect$$libshutdown$$00000006) for __rt_lib_shutdown_stdio_1
    libshutdown.o(.ARM.Collect$$libshutdown$$00000000) refers (Special) to libshutdown2.o(.ARM.Collect$$libshutdown$$0000000E) for __rt_lib_shutdown_user_alloc_1
    sys_command.o(.text) refers (Special) to use_no_semi.o(.text) for __I$use$semihosting
    sys_command.o(.text) refers (Special) to indicate_semi.o(.text) for __semihosting_library_function
    defsig_abrt_inner.o(.text) refers to defsig_general.o(.text) for __default_signal_display
    defsig_rtred_inner.o(.text) refers to defsig_general.o(.text) for __default_signal_display
    defsig_rtmem_inner.o(.text) refers to defsig_general.o(.text) for __default_signal_display
    defsig_rtmem_outer.o(.text) refers to defsig_rtmem_inner.o(.text) for __rt_SIGRTMEM_inner
    defsig_rtmem_outer.o(.text) refers to defsig_exit.o(.text) for __sig_exit
    defsig_rtmem_formal.o(.text) refers to rt_raise.o(.text) for __rt_raise
    defsig_stak_inner.o(.text) refers to defsig_general.o(.text) for __default_signal_display
    defsig_pvfn_inner.o(.text) refers to defsig_general.o(.text) for __default_signal_display
    defsig_cppl_inner.o(.text) refers to defsig_general.o(.text) for __default_signal_display
    defsig_segv_inner.o(.text) refers to defsig_general.o(.text) for __default_signal_display
    defsig_other.o(.text) refers to defsig_general.o(.text) for __default_signal_display


==============================================================================

Removing Unused input sections from the image.

    Removing adc.o(.rev16_text), (4 bytes).
    Removing adc.o(.revsh_text), (4 bytes).
    Removing i2c.o(.rev16_text), (4 bytes).
    Removing i2c.o(.revsh_text), (4 bytes).
    Removing lcd1602.o(.rev16_text), (4 bytes).
    Removing lcd1602.o(.revsh_text), (4 bytes).
    Removing main.o(.rev16_text), (4 bytes).
    Removing main.o(.revsh_text), (4 bytes).
    Removing led.o(.rev16_text), (4 bytes).
    Removing led.o(.revsh_text), (4 bytes).
    Removing fsm.o(.rev16_text), (4 bytes).
    Removing fsm.o(.revsh_text), (4 bytes).
    Removing buttons.o(.rev16_text), (4 bytes).
    Removing buttons.o(.revsh_text), (4 bytes).
    Removing uart0.o(.rev16_text), (4 bytes).
    Removing uart0.o(.revsh_text), (4 bytes).
    Removing system_mkl05z4.o(.rev16_text), (4 bytes).
    Removing system_mkl05z4.o(.revsh_text), (4 bytes).

18 unused section(s) (total 72 bytes) removed from the image.

==============================================================================

Image Symbol Table

    Local Symbols

    Symbol Name                              Value     Ov Type        Size  Object(Section)

    RESET                                    0x00000000   Section      192  startup_mkl05z4.o(RESET)
    ../clib/../cmprslib/zerorunl2.c          0x00000000   Number         0  __dczerorl2.o ABSOLUTE
    ../clib/angel/boardlib.s                 0x00000000   Number         0  boardinit2.o ABSOLUTE
    ../clib/angel/boardlib.s                 0x00000000   Number         0  boardinit3.o ABSOLUTE
    ../clib/angel/boardlib.s                 0x00000000   Number         0  boardshut.o ABSOLUTE
    ../clib/angel/boardlib.s                 0x00000000   Number         0  boardinit1.o ABSOLUTE
    ../clib/angel/handlers.s                 0x00000000   Number         0  __scatter_zi.o ABSOLUTE
    ../clib/angel/kernel.s                   0x00000000   Number         0  rtexit2.o ABSOLUTE
    ../clib/angel/kernel.s                   0x00000000   Number         0  rtexit.o ABSOLUTE
    ../clib/angel/kernel.s                   0x00000000   Number         0  __rtentry4.o ABSOLUTE
    ../clib/angel/kernel.s                   0x00000000   Number         0  __rtentry.o ABSOLUTE
    ../clib/angel/kernel.s                   0x00000000   Number         0  __rtentry2.o ABSOLUTE
    ../clib/angel/rt.s                       0x00000000   Number         0  rt_div0.o ABSOLUTE
    ../clib/angel/rt.s                       0x00000000   Number         0  rt_raise.o ABSOLUTE
    ../clib/angel/rt.s                       0x00000000   Number         0  aeabi_idiv0.o ABSOLUTE
    ../clib/angel/rt.s                       0x00000000   Number         0  aeabi_idiv0_sigfpe.o ABSOLUTE
    ../clib/angel/scatterp.s                 0x00000000   Number         0  __scatter.o ABSOLUTE
    ../clib/angel/startup.s                  0x00000000   Number         0  __main.o ABSOLUTE
    ../clib/angel/sys.s                      0x00000000   Number         0  sys_stackheap_outer.o ABSOLUTE
    ../clib/angel/sys.s                      0x00000000   Number         0  libspace.o ABSOLUTE
    ../clib/angel/sys.s                      0x00000000   Number         0  indicate_semi.o ABSOLUTE
    ../clib/angel/sys.s                      0x00000000   Number         0  tempstk.o ABSOLUTE
    ../clib/angel/sys.s                      0x00000000   Number         0  use_no_semi.o ABSOLUTE
    ../clib/angel/sysapp.c                   0x00000000   Number         0  sys_command.o ABSOLUTE
    ../clib/angel/sysapp.c                   0x00000000   Number         0  sys_exit.o ABSOLUTE
    ../clib/angel/sysapp.c                   0x00000000   Number         0  sys_wrch.o ABSOLUTE
    ../clib/armsys.c                         0x00000000   Number         0  argv_veneer.o ABSOLUTE
    ../clib/armsys.c                         0x00000000   Number         0  _get_argv_nomalloc.o ABSOLUTE
    ../clib/armsys.c                         0x00000000   Number         0  no_argv.o ABSOLUTE
    ../clib/division.c                       0x00000000   Number         0  rtudiv10.o ABSOLUTE
    ../clib/division.s                       0x00000000   Number         0  aeabi_sdiv.o ABSOLUTE
    ../clib/division.s                       0x00000000   Number         0  aeabi_sdiv_div0.o ABSOLUTE
    ../clib/heapalloc.c                      0x00000000   Number         0  hrguard.o ABSOLUTE
    ../clib/heapaux.c                        0x00000000   Number         0  heapauxi.o ABSOLUTE
    ../clib/libinit.s                        0x00000000   Number         0  libshutdown2.o ABSOLUTE
    ../clib/libinit.s                        0x00000000   Number         0  libinit.o ABSOLUTE
    ../clib/libinit.s                        0x00000000   Number         0  libinit2.o ABSOLUTE
    ../clib/libinit.s                        0x00000000   Number         0  libshutdown.o ABSOLUTE
    ../clib/memcpset.c                       0x00000000   Number         0  rt_memcpy.o ABSOLUTE
    ../clib/memcpset.c                       0x00000000   Number         0  rt_memcpy.o ABSOLUTE
    ../clib/printf.c                         0x00000000   Number         0  __printf_nopercent.o ABSOLUTE
    ../clib/printf.c                         0x00000000   Number         0  _printf_intcommon.o ABSOLUTE
    ../clib/printf.c                         0x00000000   Number         0  _printf_char_common.o ABSOLUTE
    ../clib/printf.c                         0x00000000   Number         0  __2sprintf.o ABSOLUTE
    ../clib/printf.c                         0x00000000   Number         0  _sputc.o ABSOLUTE
    ../clib/printf.c                         0x00000000   Number         0  __printf_wp.o ABSOLUTE
    ../clib/printf.c                         0x00000000   Number         0  noretval__2sprintf.o ABSOLUTE
    ../clib/printf.c                         0x00000000   Number         0  __printf.o ABSOLUTE
    ../clib/printf.c                         0x00000000   Number         0  _printf_str.o ABSOLUTE
    ../clib/printf.c                         0x00000000   Number         0  _printf_dec.o ABSOLUTE
    ../clib/printf.c                         0x00000000   Number         0  __printf_flags.o ABSOLUTE
    ../clib/printf.c                         0x00000000   Number         0  __printf_ss.o ABSOLUTE
    ../clib/printf.c                         0x00000000   Number         0  __printf_flags_ss.o ABSOLUTE
    ../clib/printf.c                         0x00000000   Number         0  __printf_flags_wp.o ABSOLUTE
    ../clib/printf.c                         0x00000000   Number         0  __printf_ss_wp.o ABSOLUTE
    ../clib/printf.c                         0x00000000   Number         0  __printf_flags_ss_wp.o ABSOLUTE
    ../clib/printf.c                         0x00000000   Number         0  _printf_char.o ABSOLUTE
    ../clib/printf_percent.s                 0x00000000   Number         0  _printf_d.o ABSOLUTE
    ../clib/printf_percent.s                 0x00000000   Number         0  _printf_percent_end.o ABSOLUTE
    ../clib/printf_percent.s                 0x00000000   Number         0  _printf_percent.o ABSOLUTE
    ../clib/printf_percent.s                 0x00000000   Number         0  _printf_c.o ABSOLUTE
    ../clib/signal.c                         0x00000000   Number         0  defsig_segv_inner.o ABSOLUTE
    ../clib/signal.c                         0x00000000   Number         0  defsig_rtred_inner.o ABSOLUTE
    ../clib/signal.c                         0x00000000   Number         0  defsig_fpe_inner.o ABSOLUTE
    ../clib/signal.c                         0x00000000   Number         0  defsig_rtmem_inner.o ABSOLUTE
    ../clib/signal.c                         0x00000000   Number         0  defsig_exit.o ABSOLUTE
    ../clib/signal.c                         0x00000000   Number         0  defsig_rtmem_outer.o ABSOLUTE
    ../clib/signal.c                         0x00000000   Number         0  defsig_other.o ABSOLUTE
    ../clib/signal.c                         0x00000000   Number         0  defsig_rtmem_formal.o ABSOLUTE
    ../clib/signal.c                         0x00000000   Number         0  defsig_general.o ABSOLUTE
    ../clib/signal.c                         0x00000000   Number         0  defsig_fpe_outer.o ABSOLUTE
    ../clib/signal.c                         0x00000000   Number         0  __raise.o ABSOLUTE
    ../clib/signal.c                         0x00000000   Number         0  defsig_pvfn_inner.o ABSOLUTE
    ../clib/signal.c                         0x00000000   Number         0  defsig_cppl_inner.o ABSOLUTE
    ../clib/signal.c                         0x00000000   Number         0  defsig_abrt_inner.o ABSOLUTE
    ../clib/signal.c                         0x00000000   Number         0  defsig_stak_inner.o ABSOLUTE
    ../clib/signal.c                         0x00000000   Number         0  defsig_fpe_formal.o ABSOLUTE
    ../clib/signal.s                         0x00000000   Number         0  defsig.o ABSOLUTE
    ../clib/stdlib.c                         0x00000000   Number         0  exit.o ABSOLUTE
    ../fplib/cfplib/cmpret.c                 0x00000000   Number         0  cmpret.o ABSOLUTE
    ../fplib/cfplib/daddsub.c                0x00000000   Number         0  daddsub.o ABSOLUTE
    ../fplib/cfplib/dcmpin.c                 0x00000000   Number         0  dcmpin.o ABSOLUTE
    ../fplib/cfplib/ddiv.c                   0x00000000   Number         0  ddiv.o ABSOLUTE
    ../fplib/cfplib/f2d.c                    0x00000000   Number         0  f2d.o ABSOLUTE
    ../fplib/cfplib/fflt.c                   0x00000000   Number         0  fflti.o ABSOLUTE
    ../fplib/cfplib/fpinit.c                 0x00000000   Number         0  fpinit.o ABSOLUTE
    ../fplib/cfplib/nan2.c                   0x00000000   Number         0  dnan2.o ABSOLUTE
    ../fplib/cfplib/retnan.c                 0x00000000   Number         0  retnan.o ABSOLUTE
    ../fplib/dleqf6m.s                       0x00000000   Number         0  dlef.o ABSOLUTE
    ../fplib/fmul6m.s                        0x00000000   Number         0  fmul.o ABSOLUTE
    ../fplib/usenofp.s                       0x00000000   Number         0  usenofp.o ABSOLUTE
    ADC.c                                    0x00000000   Number         0  adc.o ABSOLUTE
    ADC.c                                    0x00000000   Number         0  adc.o ABSOLUTE
    RTE\Device\MKL05Z32xxx4\startup_MKL05Z4.s 0x00000000   Number         0  startup_mkl05z4.o ABSOLUTE
    RTE\Device\MKL05Z32xxx4\system_MKL05Z4.c 0x00000000   Number         0  system_mkl05z4.o ABSOLUTE
    RTE\\Device\\MKL05Z32xxx4\\system_MKL05Z4.c 0x00000000   Number         0  system_mkl05z4.o ABSOLUTE
    buttons.c                                0x00000000   Number         0  buttons.o ABSOLUTE
    buttons.c                                0x00000000   Number         0  buttons.o ABSOLUTE
    dc.s                                     0x00000000   Number         0  dc.o ABSOLUTE
    fsm.c                                    0x00000000   Number         0  fsm.o ABSOLUTE
    fsm.c                                    0x00000000   Number         0  fsm.o ABSOLUTE
    i2c.c                                    0x00000000   Number         0  i2c.o ABSOLUTE
    i2c.c                                    0x00000000   Number         0  i2c.o ABSOLUTE
    lcd1602.c                                0x00000000   Number         0  lcd1602.o ABSOLUTE
    lcd1602.c                                0x00000000   Number         0  lcd1602.o ABSOLUTE
    led.c                                    0x00000000   Number         0  led.o ABSOLUTE
    led.c                                    0x00000000   Number         0  led.o ABSOLUTE
    main.c                                   0x00000000   Number         0  main.o ABSOLUTE
    main.c                                   0x00000000   Number         0  main.o ABSOLUTE
    uart0.c                                  0x00000000   Number         0  uart0.o ABSOLUTE
    uart0.c                                  0x00000000   Number         0  uart0.o ABSOLUTE
    !!!main                                  0x000000c0   Section        8  __main.o(!!!main)
    !!!scatter                               0x000000c8   Section       60  __scatter.o(!!!scatter)
    !!handler_zi                             0x00000104   Section       28  __scatter_zi.o(!!handler_zi)
    .ARM.Collect$$_printf_percent$$00000000  0x00000120   Section        2  _printf_percent.o(.ARM.Collect$$_printf_percent$$00000000)
    .ARM.Collect$$_printf_percent$$00000009  0x00000122   Section       10  _printf_d.o(.ARM.Collect$$_printf_percent$$00000009)
    .ARM.Collect$$_printf_percent$$00000013  0x0000012c   Section       10  _printf_c.o(.ARM.Collect$$_printf_percent$$00000013)
    .ARM.Collect$$_printf_percent$$00000017  0x00000136   Section        4  _printf_percent_end.o(.ARM.Collect$$_printf_percent$$00000017)
    .ARM.Collect$$libinit$$00000000          0x0000013a   Section        2  libinit.o(.ARM.Collect$$libinit$$00000000)
    .ARM.Collect$$libinit$$00000002          0x0000013c   Section        0  libinit2.o(.ARM.Collect$$libinit$$00000002)
    .ARM.Collect$$libinit$$00000004          0x0000013c   Section        0  libinit2.o(.ARM.Collect$$libinit$$00000004)
    .ARM.Collect$$libinit$$0000000A          0x0000013c   Section        0  libinit2.o(.ARM.Collect$$libinit$$0000000A)
    .ARM.Collect$$libinit$$0000000C          0x0000013c   Section        0  libinit2.o(.ARM.Collect$$libinit$$0000000C)
    .ARM.Collect$$libinit$$0000000E          0x0000013c   Section        0  libinit2.o(.ARM.Collect$$libinit$$0000000E)
    .ARM.Collect$$libinit$$00000011          0x0000013c   Section        0  libinit2.o(.ARM.Collect$$libinit$$00000011)
    .ARM.Collect$$libinit$$00000013          0x0000013c   Section        0  libinit2.o(.ARM.Collect$$libinit$$00000013)
    .ARM.Collect$$libinit$$00000015          0x0000013c   Section        0  libinit2.o(.ARM.Collect$$libinit$$00000015)
    .ARM.Collect$$libinit$$00000017          0x0000013c   Section        0  libinit2.o(.ARM.Collect$$libinit$$00000017)
    .ARM.Collect$$libinit$$00000019          0x0000013c   Section        0  libinit2.o(.ARM.Collect$$libinit$$00000019)
    .ARM.Collect$$libinit$$0000001B          0x0000013c   Section        0  libinit2.o(.ARM.Collect$$libinit$$0000001B)
    .ARM.Collect$$libinit$$0000001D          0x0000013c   Section        0  libinit2.o(.ARM.Collect$$libinit$$0000001D)
    .ARM.Collect$$libinit$$0000001F          0x0000013c   Section        0  libinit2.o(.ARM.Collect$$libinit$$0000001F)
    .ARM.Collect$$libinit$$00000021          0x0000013c   Section        0  libinit2.o(.ARM.Collect$$libinit$$00000021)
    .ARM.Collect$$libinit$$00000023          0x0000013c   Section        0  libinit2.o(.ARM.Collect$$libinit$$00000023)
    .ARM.Collect$$libinit$$00000025          0x0000013c   Section        0  libinit2.o(.ARM.Collect$$libinit$$00000025)
    .ARM.Collect$$libinit$$0000002C          0x0000013c   Section        0  libinit2.o(.ARM.Collect$$libinit$$0000002C)
    .ARM.Collect$$libinit$$0000002E          0x0000013c   Section        0  libinit2.o(.ARM.Collect$$libinit$$0000002E)
    .ARM.Collect$$libinit$$00000030          0x0000013c   Section        0  libinit2.o(.ARM.Collect$$libinit$$00000030)
    .ARM.Collect$$libinit$$00000032          0x0000013c   Section        0  libinit2.o(.ARM.Collect$$libinit$$00000032)
    .ARM.Collect$$libinit$$00000033          0x0000013c   Section        2  libinit2.o(.ARM.Collect$$libinit$$00000033)
    .ARM.Collect$$libshutdown$$00000000      0x0000013e   Section        2  libshutdown.o(.ARM.Collect$$libshutdown$$00000000)
    .ARM.Collect$$libshutdown$$00000002      0x00000140   Section        0  libshutdown2.o(.ARM.Collect$$libshutdown$$00000002)
    .ARM.Collect$$libshutdown$$00000004      0x00000140   Section        0  libshutdown2.o(.ARM.Collect$$libshutdown$$00000004)
    .ARM.Collect$$libshutdown$$00000006      0x00000140   Section        0  libshutdown2.o(.ARM.Collect$$libshutdown$$00000006)
    .ARM.Collect$$libshutdown$$00000009      0x00000140   Section        0  libshutdown2.o(.ARM.Collect$$libshutdown$$00000009)
    .ARM.Collect$$libshutdown$$0000000C      0x00000140   Section        0  libshutdown2.o(.ARM.Collect$$libshutdown$$0000000C)
    .ARM.Collect$$libshutdown$$0000000E      0x00000140   Section        0  libshutdown2.o(.ARM.Collect$$libshutdown$$0000000E)
    .ARM.Collect$$libshutdown$$00000011      0x00000140   Section        0  libshutdown2.o(.ARM.Collect$$libshutdown$$00000011)
    .ARM.Collect$$libshutdown$$00000012      0x00000140   Section        2  libshutdown2.o(.ARM.Collect$$libshutdown$$00000012)
    .ARM.Collect$$rtentry$$00000000          0x00000142   Section        0  __rtentry.o(.ARM.Collect$$rtentry$$00000000)
    .ARM.Collect$$rtentry$$00000002          0x00000142   Section        0  __rtentry2.o(.ARM.Collect$$rtentry$$00000002)
    .ARM.Collect$$rtentry$$00000004          0x00000142   Section        6  __rtentry4.o(.ARM.Collect$$rtentry$$00000004)
    .ARM.Collect$$rtentry$$00000009          0x00000148   Section        0  __rtentry2.o(.ARM.Collect$$rtentry$$00000009)
    .ARM.Collect$$rtentry$$0000000A          0x00000148   Section        4  __rtentry2.o(.ARM.Collect$$rtentry$$0000000A)
    .ARM.Collect$$rtentry$$0000000C          0x0000014c   Section        0  __rtentry2.o(.ARM.Collect$$rtentry$$0000000C)
    .ARM.Collect$$rtentry$$0000000D          0x0000014c   Section        8  __rtentry2.o(.ARM.Collect$$rtentry$$0000000D)
    .ARM.Collect$$rtexit$$00000000           0x00000154   Section        2  rtexit.o(.ARM.Collect$$rtexit$$00000000)
    .ARM.Collect$$rtexit$$00000002           0x00000156   Section        0  rtexit2.o(.ARM.Collect$$rtexit$$00000002)
    .ARM.Collect$$rtexit$$00000003           0x00000156   Section        4  rtexit2.o(.ARM.Collect$$rtexit$$00000003)
    .ARM.Collect$$rtexit$$00000004           0x0000015a   Section        6  rtexit2.o(.ARM.Collect$$rtexit$$00000004)
    .emb_text                                0x00000160   Section       56  rt_memcpy.o(.emb_text)
    .text                                    0x00000198   Section        0  adc.o(.text)
    .text                                    0x000002bc   Section        0  main.o(.text)
    __NVIC_SetPriority                       0x0000030b   Thumb Code   110  main.o(.text)
    .text                                    0x0000038c   Section       52  startup_mkl05z4.o(.text)
    .text                                    0x000003c0   Section        0  noretval__2sprintf.o(.text)
    .text                                    0x000003e8   Section        0  heapauxi.o(.text)
    .text                                    0x000003ee   Section        0  _sputc.o(.text)
    .text                                    0x000003f8   Section        8  libspace.o(.text)
    .ARM.__at_0x400                          0x00000400   Section       16  startup_mkl05z4.o(.ARM.__at_0x400)
    .text                                    0x00000410   Section        0  i2c.o(.text)
    .text                                    0x000005a8   Section        0  lcd1602.o(.text)
    .text                                    0x000007bc   Section        0  led.o(.text)
    .text                                    0x00000aec   Section        0  fsm.o(.text)
    .text                                    0x00001308   Section        0  buttons.o(.text)
    __NVIC_SetPriority                       0x000013b7   Thumb Code   110  buttons.o(.text)
    .text                                    0x0000143c   Section        0  uart0.o(.text)
    .text                                    0x000014bc   Section        0  system_mkl05z4.o(.text)
    .text                                    0x00001628   Section        0  __printf.o(.text)
    .text                                    0x00001694   Section        0  _printf_str.o(.text)
    .text                                    0x000016e8   Section        0  _printf_dec.o(.text)
    .text                                    0x00001754   Section      346  aeabi_sdiv.o(.text)
    .text                                    0x000018b0   Section        0  daddsub.o(.text)
    _dadd1                                   0x000018b1   Thumb Code   290  daddsub.o(.text)
    _dsub1                                   0x000019d3   Thumb Code   470  daddsub.o(.text)
    .text                                    0x00001c08   Section        0  ddiv.o(.text)
    .text                                    0x00002050   Section        0  f2d.o(.text)
    .text                                    0x000020a4   Section        0  fflti.o(.text)
    .text                                    0x00002102   Section        0  _printf_intcommon.o(.text)
    .text                                    0x000021b4   Section        0  _printf_char_common.o(.text)
    _printf_input_char                       0x000021b5   Thumb Code    10  _printf_char_common.o(.text)
    .text                                    0x000021e4   Section        0  _printf_char.o(.text)
    .text                                    0x00002212   Section        0  rtudiv10.o(.text)
    .text                                    0x0000223c   Section        0  dcmpin.o(.text)
    .text                                    0x000022cc   Section        0  cmpret.o(.text)
    .text                                    0x000022fc   Section        0  dnan2.o(.text)
    .text                                    0x00002310   Section       62  sys_stackheap_outer.o(.text)
    .text                                    0x0000234e   Section        0  exit.o(.text)
    .text                                    0x0000235e   Section        0  retnan.o(.text)
    .text                                    0x000023bc   Section        0  sys_exit.o(.text)
    .text                                    0x000023c8   Section        2  use_no_semi.o(.text)
    .text                                    0x000023ca   Section        0  indicate_semi.o(.text)
    .text                                    0x000023ca   Section        0  __dczerorl2.o(.text)
    i.__ARM_common_switch8                   0x00002420   Section        0  fsm.o(i.__ARM_common_switch8)
    x$fpl$dleqf                              0x0000243c   Section      100  dlef.o(x$fpl$dleqf)
    x$fpl$fmul                               0x000024a0   Section      176  fmul.o(x$fpl$fmul)
    .constdata                               0x00002550   Section      128  ddiv.o(.constdata)
    x$fpl$usenofp                            0x00002550   Section        0  usenofp.o(x$fpl$usenofp)
    ddiv_reciptbl                            0x00002550   Data         128  ddiv.o(.constdata)
    .data                                    0x1ffffc00   Section        4  i2c.o(.data)
    error                                    0x1ffffc00   Data           1  i2c.o(.data)
    timeout                                  0x1ffffc02   Data           2  i2c.o(.data)
    .data                                    0x1ffffc04   Section        2  lcd1602.o(.data)
    lcd_backlight                            0x1ffffc04   Data           1  lcd1602.o(.data)
    pcf_address                              0x1ffffc05   Data           1  lcd1602.o(.data)
    .data                                    0x1ffffc08   Section      192  led.o(.data)
    led                                      0x1ffffc08   Data         128  led.o(.data)
    disp                                     0x1ffffc88   Data          64  led.o(.data)
    .data                                    0x1ffffcc8   Section      320  fsm.o(.data)
    fsmState                                 0x1ffffce5   Data           1  fsm.o(.data)
    count_display                            0x1ffffce8   Data           4  fsm.o(.data)
    count_segment                            0x1ffffcec   Data           4  fsm.o(.data)
    flag_button_pressed                      0x1ffffe04   Data           4  fsm.o(.data)
    .data                                    0x1ffffe08   Section        4  system_mkl05z4.o(.data)
    .bss                                     0x1ffffe10   Section     1184  fsm.o(.bss)
    .bss                                     0x200002b0   Section       96  libspace.o(.bss)
    HEAP                                     0x20000310   Section        0  startup_mkl05z4.o(HEAP)
    STACK                                    0x20000310   Section      768  startup_mkl05z4.o(STACK)
    Heap_Mem                                 0x20000310   Data           0  startup_mkl05z4.o(HEAP)
    Stack_Mem                                0x20000310   Data         768  startup_mkl05z4.o(STACK)
    __initial_sp                             0x20000610   Data           0  startup_mkl05z4.o(STACK)

    Global Symbols

    Symbol Name                              Value     Ov Type        Size  Object(Section)

    BuildAttributes$$THM_ISAv3M$S$PE$A:L22$X:L11$S22$IEEE1$IW$USESV6$~STKCKD$USESV7$~SHL$OSPACE$ROPI$EBA8$UX$STANDARDLIB$REQ8$PRES8$EABIv2 0x00000000   Number         0  anon$$obj.o ABSOLUTE
    __ARM_use_no_argv                        0x00000000   Number         0  main.o ABSOLUTE
    __Vectors                                0x00000000   Data           4  startup_mkl05z4.o(RESET)
    __ARM_exceptions_init                     - Undefined Weak Reference
    __alloca_initialize                       - Undefined Weak Reference
    __arm_fini_                               - Undefined Weak Reference
    __arm_preinit_                            - Undefined Weak Reference
    __cpp_initialize__aeabi_                  - Undefined Weak Reference
    __cxa_finalize                            - Undefined Weak Reference
    __rt_locale                               - Undefined Weak Reference
    __sigvec_lookup                           - Undefined Weak Reference
    _atexit_init                              - Undefined Weak Reference
    _call_atexit_fns                          - Undefined Weak Reference
    _clock_init                               - Undefined Weak Reference
    _fp_trap_init                             - Undefined Weak Reference
    _fp_trap_shutdown                         - Undefined Weak Reference
    _get_lc_collate                           - Undefined Weak Reference
    _get_lc_ctype                             - Undefined Weak Reference
    _get_lc_monetary                          - Undefined Weak Reference
    _get_lc_numeric                           - Undefined Weak Reference
    _get_lc_time                              - Undefined Weak Reference
    _getenv_init                              - Undefined Weak Reference
    _handle_redirection                       - Undefined Weak Reference
    _init_alloc                               - Undefined Weak Reference
    _init_user_alloc                          - Undefined Weak Reference
    _initio                                   - Undefined Weak Reference
    _printf_mbtowc                            - Undefined Weak Reference
    _printf_post_padding                      - Undefined Weak Reference
    _printf_pre_padding                       - Undefined Weak Reference
    _printf_truncate_signed                   - Undefined Weak Reference
    _printf_truncate_unsigned                 - Undefined Weak Reference
    _rand_init                                - Undefined Weak Reference
    _signal_finish                            - Undefined Weak Reference
    _signal_init                              - Undefined Weak Reference
    _terminate_alloc                          - Undefined Weak Reference
    _terminate_user_alloc                     - Undefined Weak Reference
    _terminateio                              - Undefined Weak Reference
    __Vectors_End                            0x000000c0   Data           0  startup_mkl05z4.o(RESET)
    __Vectors_Size                           0x000000c0   Number         0  startup_mkl05z4.o ABSOLUTE
    __main                                   0x000000c1   Thumb Code     8  __main.o(!!!main)
    __scatterload                            0x000000c9   Thumb Code     0  __scatter.o(!!!scatter)
    __scatterload_rt2                        0x000000c9   Thumb Code    52  __scatter.o(!!!scatter)
    __scatterload_rt2_thumb_only             0x000000c9   Thumb Code     0  __scatter.o(!!!scatter)
    __scatterload_null                       0x000000d9   Thumb Code     0  __scatter.o(!!!scatter)
    __scatterload_zeroinit                   0x00000105   Thumb Code    28  __scatter_zi.o(!!handler_zi)
    _printf_percent                          0x00000121   Thumb Code     0  _printf_percent.o(.ARM.Collect$$_printf_percent$$00000000)
    _printf_d                                0x00000123   Thumb Code     0  _printf_d.o(.ARM.Collect$$_printf_percent$$00000009)
    _printf_c                                0x0000012d   Thumb Code     0  _printf_c.o(.ARM.Collect$$_printf_percent$$00000013)
    _printf_percent_end                      0x00000137   Thumb Code     0  _printf_percent_end.o(.ARM.Collect$$_printf_percent$$00000017)
    __rt_lib_init                            0x0000013b   Thumb Code     0  libinit.o(.ARM.Collect$$libinit$$00000000)
    __rt_lib_init_alloca_1                   0x0000013d   Thumb Code     0  libinit2.o(.ARM.Collect$$libinit$$0000002E)
    __rt_lib_init_argv_1                     0x0000013d   Thumb Code     0  libinit2.o(.ARM.Collect$$libinit$$0000002C)
    __rt_lib_init_atexit_1                   0x0000013d   Thumb Code     0  libinit2.o(.ARM.Collect$$libinit$$0000001B)
    __rt_lib_init_clock_1                    0x0000013d   Thumb Code     0  libinit2.o(.ARM.Collect$$libinit$$00000021)
    __rt_lib_init_cpp_1                      0x0000013d   Thumb Code     0  libinit2.o(.ARM.Collect$$libinit$$00000032)
    __rt_lib_init_exceptions_1               0x0000013d   Thumb Code     0  libinit2.o(.ARM.Collect$$libinit$$00000030)
    __rt_lib_init_fp_1                       0x0000013d   Thumb Code     0  libinit2.o(.ARM.Collect$$libinit$$00000002)
    __rt_lib_init_fp_trap_1                  0x0000013d   Thumb Code     0  libinit2.o(.ARM.Collect$$libinit$$0000001F)
    __rt_lib_init_getenv_1                   0x0000013d   Thumb Code     0  libinit2.o(.ARM.Collect$$libinit$$00000023)
    __rt_lib_init_heap_1                     0x0000013d   Thumb Code     0  libinit2.o(.ARM.Collect$$libinit$$0000000A)
    __rt_lib_init_lc_collate_1               0x0000013d   Thumb Code     0  libinit2.o(.ARM.Collect$$libinit$$00000011)
    __rt_lib_init_lc_ctype_1                 0x0000013d   Thumb Code     0  libinit2.o(.ARM.Collect$$libinit$$00000013)
    __rt_lib_init_lc_monetary_1              0x0000013d   Thumb Code     0  libinit2.o(.ARM.Collect$$libinit$$00000015)
    __rt_lib_init_lc_numeric_1               0x0000013d   Thumb Code     0  libinit2.o(.ARM.Collect$$libinit$$00000017)
    __rt_lib_init_lc_time_1                  0x0000013d   Thumb Code     0  libinit2.o(.ARM.Collect$$libinit$$00000019)
    __rt_lib_init_preinit_1                  0x0000013d   Thumb Code     0  libinit2.o(.ARM.Collect$$libinit$$00000004)
    __rt_lib_init_rand_1                     0x0000013d   Thumb Code     0  libinit2.o(.ARM.Collect$$libinit$$0000000E)
    __rt_lib_init_return                     0x0000013d   Thumb Code     0  libinit2.o(.ARM.Collect$$libinit$$00000033)
    __rt_lib_init_signal_1                   0x0000013d   Thumb Code     0  libinit2.o(.ARM.Collect$$libinit$$0000001D)
    __rt_lib_init_stdio_1                    0x0000013d   Thumb Code     0  libinit2.o(.ARM.Collect$$libinit$$00000025)
    __rt_lib_init_user_alloc_1               0x0000013d   Thumb Code     0  libinit2.o(.ARM.Collect$$libinit$$0000000C)
    __rt_lib_shutdown                        0x0000013f   Thumb Code     0  libshutdown.o(.ARM.Collect$$libshutdown$$00000000)
    __rt_lib_shutdown_cpp_1                  0x00000141   Thumb Code     0  libshutdown2.o(.ARM.Collect$$libshutdown$$00000004)
    __rt_lib_shutdown_fini_1                 0x00000141   Thumb Code     0  libshutdown2.o(.ARM.Collect$$libshutdown$$00000002)
    __rt_lib_shutdown_fp_trap_1              0x00000141   Thumb Code     0  libshutdown2.o(.ARM.Collect$$libshutdown$$00000009)
    __rt_lib_shutdown_heap_1                 0x00000141   Thumb Code     0  libshutdown2.o(.ARM.Collect$$libshutdown$$00000011)
    __rt_lib_shutdown_return                 0x00000141   Thumb Code     0  libshutdown2.o(.ARM.Collect$$libshutdown$$00000012)
    __rt_lib_shutdown_signal_1               0x00000141   Thumb Code     0  libshutdown2.o(.ARM.Collect$$libshutdown$$0000000C)
    __rt_lib_shutdown_stdio_1                0x00000141   Thumb Code     0  libshutdown2.o(.ARM.Collect$$libshutdown$$00000006)
    __rt_lib_shutdown_user_alloc_1           0x00000141   Thumb Code     0  libshutdown2.o(.ARM.Collect$$libshutdown$$0000000E)
    __rt_entry                               0x00000143   Thumb Code     0  __rtentry.o(.ARM.Collect$$rtentry$$00000000)
    __rt_entry_presh_1                       0x00000143   Thumb Code     0  __rtentry2.o(.ARM.Collect$$rtentry$$00000002)
    __rt_entry_sh                            0x00000143   Thumb Code     0  __rtentry4.o(.ARM.Collect$$rtentry$$00000004)
    __rt_entry_li                            0x00000149   Thumb Code     0  __rtentry2.o(.ARM.Collect$$rtentry$$0000000A)
    __rt_entry_postsh_1                      0x00000149   Thumb Code     0  __rtentry2.o(.ARM.Collect$$rtentry$$00000009)
    __rt_entry_main                          0x0000014d   Thumb Code     0  __rtentry2.o(.ARM.Collect$$rtentry$$0000000D)
    __rt_entry_postli_1                      0x0000014d   Thumb Code     0  __rtentry2.o(.ARM.Collect$$rtentry$$0000000C)
    __rt_exit                                0x00000155   Thumb Code     0  rtexit.o(.ARM.Collect$$rtexit$$00000000)
    __rt_exit_ls                             0x00000157   Thumb Code     0  rtexit2.o(.ARM.Collect$$rtexit$$00000003)
    __rt_exit_prels_1                        0x00000157   Thumb Code     0  rtexit2.o(.ARM.Collect$$rtexit$$00000002)
    __rt_exit_exit                           0x0000015b   Thumb Code     0  rtexit2.o(.ARM.Collect$$rtexit$$00000004)
    __aeabi_memcpy4                          0x00000161   Thumb Code    56  rt_memcpy.o(.emb_text)
    __aeabi_memcpy8                          0x00000161   Thumb Code     0  rt_memcpy.o(.emb_text)
    ADC_Init                                 0x00000199   Thumb Code   270  adc.o(.text)
    SysTick_Handler                          0x000002bd   Thumb Code     8  main.o(.text)
    main                                     0x000002c5   Thumb Code    70  main.o(.text)
    Reset_Handler                            0x0000038d   Thumb Code     8  startup_mkl05z4.o(.text)
    NMI_Handler                              0x00000395   Thumb Code     2  startup_mkl05z4.o(.text)
    HardFault_Handler                        0x00000397   Thumb Code     2  startup_mkl05z4.o(.text)
    SVC_Handler                              0x00000399   Thumb Code     2  startup_mkl05z4.o(.text)
    PendSV_Handler                           0x0000039b   Thumb Code     2  startup_mkl05z4.o(.text)
    CMP0_IRQHandler                          0x0000039f   Thumb Code     0  startup_mkl05z4.o(.text)
    DAC0_IRQHandler                          0x0000039f   Thumb Code     0  startup_mkl05z4.o(.text)
    DMA0_IRQHandler                          0x0000039f   Thumb Code     0  startup_mkl05z4.o(.text)
    DMA1_IRQHandler                          0x0000039f   Thumb Code     0  startup_mkl05z4.o(.text)
    DMA2_IRQHandler                          0x0000039f   Thumb Code     0  startup_mkl05z4.o(.text)
    DMA3_IRQHandler                          0x0000039f   Thumb Code     0  startup_mkl05z4.o(.text)
    DefaultISR                               0x0000039f   Thumb Code     0  startup_mkl05z4.o(.text)
    FTFA_IRQHandler                          0x0000039f   Thumb Code     0  startup_mkl05z4.o(.text)
    I2C0_IRQHandler                          0x0000039f   Thumb Code     0  startup_mkl05z4.o(.text)
    LLW_IRQHandler                           0x0000039f   Thumb Code     0  startup_mkl05z4.o(.text)
    LPTimer_IRQHandler                       0x0000039f   Thumb Code     0  startup_mkl05z4.o(.text)
    LVD_LVW_IRQHandler                       0x0000039f   Thumb Code     0  startup_mkl05z4.o(.text)
    MCG_IRQHandler                           0x0000039f   Thumb Code     0  startup_mkl05z4.o(.text)
    PIT_IRQHandler                           0x0000039f   Thumb Code     0  startup_mkl05z4.o(.text)
    PORTB_IRQHandler                         0x0000039f   Thumb Code     0  startup_mkl05z4.o(.text)
    RTC_IRQHandler                           0x0000039f   Thumb Code     0  startup_mkl05z4.o(.text)
    RTC_Seconds_IRQHandler                   0x0000039f   Thumb Code     0  startup_mkl05z4.o(.text)
    Reserved20_IRQHandler                    0x0000039f   Thumb Code     0  startup_mkl05z4.o(.text)
    Reserved25_IRQHandler                    0x0000039f   Thumb Code     0  startup_mkl05z4.o(.text)
    Reserved27_IRQHandler                    0x0000039f   Thumb Code     0  startup_mkl05z4.o(.text)
    Reserved29_IRQHandler                    0x0000039f   Thumb Code     0  startup_mkl05z4.o(.text)
    Reserved30_IRQHandler                    0x0000039f   Thumb Code     0  startup_mkl05z4.o(.text)
    Reserved35_IRQHandler                    0x0000039f   Thumb Code     0  startup_mkl05z4.o(.text)
    Reserved39_IRQHandler                    0x0000039f   Thumb Code     0  startup_mkl05z4.o(.text)
    Reserved40_IRQHandler                    0x0000039f   Thumb Code     0  startup_mkl05z4.o(.text)
    Reserved45_IRQHandler                    0x0000039f   Thumb Code     0  startup_mkl05z4.o(.text)
    SPI0_IRQHandler                          0x0000039f   Thumb Code     0  startup_mkl05z4.o(.text)
    TPM0_IRQHandler                          0x0000039f   Thumb Code     0  startup_mkl05z4.o(.text)
    TPM1_IRQHandler                          0x0000039f   Thumb Code     0  startup_mkl05z4.o(.text)
    TSI0_IRQHandler                          0x0000039f   Thumb Code     0  startup_mkl05z4.o(.text)
    UART0_IRQHandler                         0x0000039f   Thumb Code     0  startup_mkl05z4.o(.text)
    __user_initial_stackheap                 0x000003a1   Thumb Code     0  startup_mkl05z4.o(.text)
    __2sprintf                               0x000003c1   Thumb Code    36  noretval__2sprintf.o(.text)
    __use_two_region_memory                  0x000003e9   Thumb Code     2  heapauxi.o(.text)
    __rt_heap_escrow$2region                 0x000003eb   Thumb Code     2  heapauxi.o(.text)
    __rt_heap_expand$2region                 0x000003ed   Thumb Code     2  heapauxi.o(.text)
    _sputc                                   0x000003ef   Thumb Code    10  _sputc.o(.text)
    __user_libspace                          0x000003f9   Thumb Code     8  libspace.o(.text)
    __user_perproc_libspace                  0x000003f9   Thumb Code     0  libspace.o(.text)
    __user_perthread_libspace                0x000003f9   Thumb Code     0  libspace.o(.text)
    I2C_Init                                 0x00000411   Thumb Code   134  i2c.o(.text)
    i2c_disable                              0x00000497   Thumb Code    14  i2c.o(.text)
    i2c_m_stop                               0x000004a5   Thumb Code    14  i2c.o(.text)
    i2c_wait                                 0x000004b3   Thumb Code   100  i2c.o(.text)
    i2c_send                                 0x00000517   Thumb Code     6  i2c.o(.text)
    i2c_m_start                              0x0000051d   Thumb Code    14  i2c.o(.text)
    i2c_tran                                 0x0000052b   Thumb Code    14  i2c.o(.text)
    i2c_enable                               0x00000539   Thumb Code    14  i2c.o(.text)
    I2C_Write                                0x00000547   Thumb Code    60  i2c.o(.text)
    i2c_m_rstart                             0x00000583   Thumb Code    14  i2c.o(.text)
    PCF8574_Write                            0x000005a9   Thumb Code    32  lcd1602.o(.text)
    LCD1602_Write4                           0x000005c9   Thumb Code    74  lcd1602.o(.text)
    LCD1602_Write8                           0x00000613   Thumb Code    28  lcd1602.o(.text)
    LCD1602_CheckAddress                     0x0000062f   Thumb Code    48  lcd1602.o(.text)
    LCD1602_Init                             0x0000065f   Thumb Code    74  lcd1602.o(.text)
    LCD1602_Blink_On                         0x000006a9   Thumb Code    12  lcd1602.o(.text)
    LCD1602_Blink_Off                        0x000006b5   Thumb Code    12  lcd1602.o(.text)
    LCD1602_SetCursor                        0x000006c1   Thumb Code    30  lcd1602.o(.text)
    LCD1602_ClearAll                         0x000006df   Thumb Code    12  lcd1602.o(.text)
    LCD1602_Print                            0x000006eb   Thumb Code    28  lcd1602.o(.text)
    itoa                                     0x00000707   Thumb Code   108  lcd1602.o(.text)
    LCD1602_PrintNum                         0x00000773   Thumb Code    32  lcd1602.o(.text)
    LCD1602_Backlight                        0x00000793   Thumb Code    16  lcd1602.o(.text)
    LED_Init                                 0x000007bd   Thumb Code   280  led.o(.text)
    LED_Ctrl                                 0x000008d5   Thumb Code   116  led.o(.text)
    DISP_Select                              0x00000949   Thumb Code   398  led.o(.text)
    ADC0_IRQHandler                          0x00000aed   Thumb Code    66  fsm.o(.text)
    fsmInitialize                            0x00000b2f   Thumb Code    84  fsm.o(.text)
    state_0                                  0x00000b83   Thumb Code    62  fsm.o(.text)
    state_1                                  0x00000bc1   Thumb Code    88  fsm.o(.text)
    state_2                                  0x00000c19   Thumb Code    30  fsm.o(.text)
    state_3                                  0x00000c37   Thumb Code    84  fsm.o(.text)
    state_4                                  0x00000c8b   Thumb Code   140  fsm.o(.text)
    state_5                                  0x00000d17   Thumb Code    24  fsm.o(.text)
    state_6                                  0x00000d2f   Thumb Code    56  fsm.o(.text)
    state_7                                  0x00000d67   Thumb Code  1152  fsm.o(.text)
    nextFSMState                             0x000011e7   Thumb Code   106  fsm.o(.text)
    set_flag_button_pressed                  0x00001251   Thumb Code     8  fsm.o(.text)
    PORTA_IRQHandler                         0x00001309   Thumb Code    54  buttons.o(.text)
    buttonsInitialize                        0x0000133f   Thumb Code   120  buttons.o(.text)
    UART0_Init                               0x0000143d   Thumb Code   116  uart0.o(.text)
    SystemInit                               0x000014bd   Thumb Code    78  system_mkl05z4.o(.text)
    SystemCoreClockUpdate                    0x0000150b   Thumb Code   256  system_mkl05z4.o(.text)
    __printf                                 0x00001629   Thumb Code   108  __printf.o(.text)
    _printf_str                              0x00001695   Thumb Code    82  _printf_str.o(.text)
    _printf_int_dec                          0x000016e9   Thumb Code    90  _printf_dec.o(.text)
    __aeabi_uidiv                            0x00001755   Thumb Code     0  aeabi_sdiv.o(.text)
    __aeabi_uidivmod                         0x00001755   Thumb Code    20  aeabi_sdiv.o(.text)
    __aeabi_idiv                             0x00001769   Thumb Code     0  aeabi_sdiv.o(.text)
    __aeabi_idivmod                          0x00001769   Thumb Code   326  aeabi_sdiv.o(.text)
    __aeabi_dadd                             0x00001ba9   Thumb Code     0  daddsub.o(.text)
    _dadd                                    0x00001ba9   Thumb Code    26  daddsub.o(.text)
    __aeabi_dsub                             0x00001bc3   Thumb Code     0  daddsub.o(.text)
    _dsub                                    0x00001bc3   Thumb Code    22  daddsub.o(.text)
    __aeabi_drsub                            0x00001bd9   Thumb Code     0  daddsub.o(.text)
    _drsb                                    0x00001bd9   Thumb Code    28  daddsub.o(.text)
    __aeabi_ddiv                             0x00001c09   Thumb Code     0  ddiv.o(.text)
    _ddiv                                    0x00001c09   Thumb Code  1072  ddiv.o(.text)
    _drdiv                                   0x00002039   Thumb Code    20  ddiv.o(.text)
    __aeabi_f2d                              0x00002051   Thumb Code     0  f2d.o(.text)
    _f2d                                     0x00002051   Thumb Code    80  f2d.o(.text)
    __aeabi_i2f_normalise                    0x000020a5   Thumb Code    72  fflti.o(.text)
    __aeabi_i2f                              0x000020ed   Thumb Code    16  fflti.o(.text)
    _fflt                                    0x000020ed   Thumb Code     0  fflti.o(.text)
    __aeabi_ui2f                             0x000020fd   Thumb Code     6  fflti.o(.text)
    _ffltu                                   0x000020fd   Thumb Code     0  fflti.o(.text)
    _printf_int_common                       0x00002103   Thumb Code   176  _printf_intcommon.o(.text)
    _printf_char_common                      0x000021bf   Thumb Code    32  _printf_char_common.o(.text)
    _printf_cs_common                        0x000021e5   Thumb Code    22  _printf_char.o(.text)
    _printf_char                             0x000021fb   Thumb Code    16  _printf_char.o(.text)
    _printf_string                           0x0000220b   Thumb Code     8  _printf_char.o(.text)
    __rt_udiv10                              0x00002213   Thumb Code    40  rtudiv10.o(.text)
    __fpl_dcmp_InfNaN                        0x0000223d   Thumb Code   140  dcmpin.o(.text)
    __fpl_cmpreturn                          0x000022cd   Thumb Code    46  cmpret.o(.text)
    __fpl_dcheck_NaN2                        0x000022fd   Thumb Code    14  dnan2.o(.text)
    __user_setup_stackheap                   0x00002311   Thumb Code    62  sys_stackheap_outer.o(.text)
    exit                                     0x0000234f   Thumb Code    16  exit.o(.text)
    __fpl_return_NaN                         0x0000235f   Thumb Code    94  retnan.o(.text)
    _sys_exit                                0x000023bd   Thumb Code     8  sys_exit.o(.text)
    __I$use$semihosting                      0x000023c9   Thumb Code     0  use_no_semi.o(.text)
    __use_no_semihosting_swi                 0x000023c9   Thumb Code     2  use_no_semi.o(.text)
    __decompress                             0x000023cb   Thumb Code     0  __dczerorl2.o(.text)
    __decompress1                            0x000023cb   Thumb Code    86  __dczerorl2.o(.text)
    __semihosting_library_function           0x000023cb   Thumb Code     0  indicate_semi.o(.text)
    __ARM_common_switch8                     0x00002421   Thumb Code    28  fsm.o(i.__ARM_common_switch8)
    __aeabi_cdcmple                          0x0000243d   Thumb Code     0  dlef.o(x$fpl$dleqf)
    _dcmple                                  0x0000243d   Thumb Code    94  dlef.o(x$fpl$dleqf)
    __aeabi_fmul                             0x000024a1   Thumb Code     0  fmul.o(x$fpl$fmul)
    _fmul                                    0x000024a1   Thumb Code   172  fmul.o(x$fpl$fmul)
    __I$use$fp                               0x00002550   Number         0  usenofp.o(x$fpl$usenofp)
    Region$$Table$$Base                      0x000025d0   Number         0  anon$$obj.o(Region$$Table)
    Region$$Table$$Limit                     0x000025f0   Number         0  anon$$obj.o(Region$$Table)
    volt_coeff                               0x1ffffcc8   Data           4  fsm.o(.data)
    wynik_ok                                 0x1ffffccc   Data           1  fsm.o(.data)
    temp                                     0x1ffffcce   Data           2  fsm.o(.data)
    wynik                                    0x1ffffcd0   Data           4  fsm.o(.data)
    display                                  0x1ffffcd4   Data          17  fsm.o(.data)
    avg_meas                                 0x1ffffcf0   Data           8  fsm.o(.data)
    count_measurement                        0x1ffffcf8   Data           4  fsm.o(.data)
    ref_brightness                           0x1ffffd00   Data         256  fsm.o(.data)
    count_failed                             0x1ffffe00   Data           4  fsm.o(.data)
    SystemCoreClock                          0x1ffffe08   Data           4  system_mkl05z4.o(.data)
    measurements                             0x1ffffe10   Data         800  fsm.o(.bss)
    measurement_memory                       0x20000130   Data         256  fsm.o(.bss)
    flag_error                               0x20000230   Data         128  fsm.o(.bss)
    __libspace_start                         0x200002b0   Data          96  libspace.o(.bss)
    __temporary_stack_top$libspace           0x20000310   Data           0  libspace.o(.bss)



==============================================================================

Memory Map of the image

  Image Entry point : 0x000000c1

  Load Region LR_IROM1 (Base: 0x00000000, Size: 0x000027fc, Max: 0x00008000, ABSOLUTE, COMPRESSED[0x000026a8])

    Execution Region ER_IROM1 (Exec base: 0x00000000, Load base: 0x00000000, Size: 0x000025f0, Max: 0x00008000, ABSOLUTE)

    Exec Addr    Load Addr    Size         Type   Attr      Idx    E Section Name        Object

    0x00000000   0x00000000   0x000000c0   Data   RO          240    RESET               startup_mkl05z4.o
    0x000000c0   0x000000c0   0x00000008   Code   RO          319  * !!!main             c_p.l(__main.o)
    0x000000c8   0x000000c8   0x0000003c   Code   RO          527    !!!scatter          c_p.l(__scatter.o)
    0x00000104   0x00000104   0x0000001c   Code   RO          529    !!handler_zi        c_p.l(__scatter_zi.o)
    0x00000120   0x00000120   0x00000002   Code   RO          308    .ARM.Collect$$_printf_percent$$00000000  c_p.l(_printf_percent.o)
    0x00000122   0x00000122   0x0000000a   Code   RO          307    .ARM.Collect$$_printf_percent$$00000009  c_p.l(_printf_d.o)
    0x0000012c   0x0000012c   0x0000000a   Code   RO          306    .ARM.Collect$$_printf_percent$$00000013  c_p.l(_printf_c.o)
    0x00000136   0x00000136   0x00000004   Code   RO          347    .ARM.Collect$$_printf_percent$$00000017  c_p.l(_printf_percent_end.o)
    0x0000013a   0x0000013a   0x00000002   Code   RO          390    .ARM.Collect$$libinit$$00000000  c_p.l(libinit.o)
    0x0000013c   0x0000013c   0x00000000   Code   RO          406    .ARM.Collect$$libinit$$00000002  c_p.l(libinit2.o)
    0x0000013c   0x0000013c   0x00000000   Code   RO          408    .ARM.Collect$$libinit$$00000004  c_p.l(libinit2.o)
    0x0000013c   0x0000013c   0x00000000   Code   RO          411    .ARM.Collect$$libinit$$0000000A  c_p.l(libinit2.o)
    0x0000013c   0x0000013c   0x00000000   Code   RO          413    .ARM.Collect$$libinit$$0000000C  c_p.l(libinit2.o)
    0x0000013c   0x0000013c   0x00000000   Code   RO          415    .ARM.Collect$$libinit$$0000000E  c_p.l(libinit2.o)
    0x0000013c   0x0000013c   0x00000000   Code   RO          418    .ARM.Collect$$libinit$$00000011  c_p.l(libinit2.o)
    0x0000013c   0x0000013c   0x00000000   Code   RO          420    .ARM.Collect$$libinit$$00000013  c_p.l(libinit2.o)
    0x0000013c   0x0000013c   0x00000000   Code   RO          422    .ARM.Collect$$libinit$$00000015  c_p.l(libinit2.o)
    0x0000013c   0x0000013c   0x00000000   Code   RO          424    .ARM.Collect$$libinit$$00000017  c_p.l(libinit2.o)
    0x0000013c   0x0000013c   0x00000000   Code   RO          426    .ARM.Collect$$libinit$$00000019  c_p.l(libinit2.o)
    0x0000013c   0x0000013c   0x00000000   Code   RO          428    .ARM.Collect$$libinit$$0000001B  c_p.l(libinit2.o)
    0x0000013c   0x0000013c   0x00000000   Code   RO          430    .ARM.Collect$$libinit$$0000001D  c_p.l(libinit2.o)
    0x0000013c   0x0000013c   0x00000000   Code   RO          432    .ARM.Collect$$libinit$$0000001F  c_p.l(libinit2.o)
    0x0000013c   0x0000013c   0x00000000   Code   RO          434    .ARM.Collect$$libinit$$00000021  c_p.l(libinit2.o)
    0x0000013c   0x0000013c   0x00000000   Code   RO          436    .ARM.Collect$$libinit$$00000023  c_p.l(libinit2.o)
    0x0000013c   0x0000013c   0x00000000   Code   RO          438    .ARM.Collect$$libinit$$00000025  c_p.l(libinit2.o)
    0x0000013c   0x0000013c   0x00000000   Code   RO          442    .ARM.Collect$$libinit$$0000002C  c_p.l(libinit2.o)
    0x0000013c   0x0000013c   0x00000000   Code   RO          444    .ARM.Collect$$libinit$$0000002E  c_p.l(libinit2.o)
    0x0000013c   0x0000013c   0x00000000   Code   RO          446    .ARM.Collect$$libinit$$00000030  c_p.l(libinit2.o)
    0x0000013c   0x0000013c   0x00000000   Code   RO          448    .ARM.Collect$$libinit$$00000032  c_p.l(libinit2.o)
    0x0000013c   0x0000013c   0x00000002   Code   RO          449    .ARM.Collect$$libinit$$00000033  c_p.l(libinit2.o)
    0x0000013e   0x0000013e   0x00000002   Code   RO          480    .ARM.Collect$$libshutdown$$00000000  c_p.l(libshutdown.o)
    0x00000140   0x00000140   0x00000000   Code   RO          506    .ARM.Collect$$libshutdown$$00000002  c_p.l(libshutdown2.o)
    0x00000140   0x00000140   0x00000000   Code   RO          508    .ARM.Collect$$libshutdown$$00000004  c_p.l(libshutdown2.o)
    0x00000140   0x00000140   0x00000000   Code   RO          510    .ARM.Collect$$libshutdown$$00000006  c_p.l(libshutdown2.o)
    0x00000140   0x00000140   0x00000000   Code   RO          513    .ARM.Collect$$libshutdown$$00000009  c_p.l(libshutdown2.o)
    0x00000140   0x00000140   0x00000000   Code   RO          516    .ARM.Collect$$libshutdown$$0000000C  c_p.l(libshutdown2.o)
    0x00000140   0x00000140   0x00000000   Code   RO          518    .ARM.Collect$$libshutdown$$0000000E  c_p.l(libshutdown2.o)
    0x00000140   0x00000140   0x00000000   Code   RO          521    .ARM.Collect$$libshutdown$$00000011  c_p.l(libshutdown2.o)
    0x00000140   0x00000140   0x00000002   Code   RO          522    .ARM.Collect$$libshutdown$$00000012  c_p.l(libshutdown2.o)
    0x00000142   0x00000142   0x00000000   Code   RO          334    .ARM.Collect$$rtentry$$00000000  c_p.l(__rtentry.o)
    0x00000142   0x00000142   0x00000000   Code   RO          354    .ARM.Collect$$rtentry$$00000002  c_p.l(__rtentry2.o)
    0x00000142   0x00000142   0x00000006   Code   RO          366    .ARM.Collect$$rtentry$$00000004  c_p.l(__rtentry4.o)
    0x00000148   0x00000148   0x00000000   Code   RO          356    .ARM.Collect$$rtentry$$00000009  c_p.l(__rtentry2.o)
    0x00000148   0x00000148   0x00000004   Code   RO          357    .ARM.Collect$$rtentry$$0000000A  c_p.l(__rtentry2.o)
    0x0000014c   0x0000014c   0x00000000   Code   RO          359    .ARM.Collect$$rtentry$$0000000C  c_p.l(__rtentry2.o)
    0x0000014c   0x0000014c   0x00000008   Code   RO          360    .ARM.Collect$$rtentry$$0000000D  c_p.l(__rtentry2.o)
    0x00000154   0x00000154   0x00000002   Code   RO          397    .ARM.Collect$$rtexit$$00000000  c_p.l(rtexit.o)
    0x00000156   0x00000156   0x00000000   Code   RO          453    .ARM.Collect$$rtexit$$00000002  c_p.l(rtexit2.o)
    0x00000156   0x00000156   0x00000004   Code   RO          454    .ARM.Collect$$rtexit$$00000003  c_p.l(rtexit2.o)
    0x0000015a   0x0000015a   0x00000006   Code   RO          455    .ARM.Collect$$rtexit$$00000004  c_p.l(rtexit2.o)
    0x00000160   0x00000160   0x00000038   Code   RO          309    .emb_text           c_p.l(rt_memcpy.o)
    0x00000198   0x00000198   0x00000124   Code   RO            3    .text               adc.o
    0x000002bc   0x000002bc   0x000000d0   Code   RO          107    .text               main.o
    0x0000038c   0x0000038c   0x00000034   Code   RO          242    .text               startup_mkl05z4.o
    0x000003c0   0x000003c0   0x00000028   Code   RO          278    .text               c_p.l(noretval__2sprintf.o)
    0x000003e8   0x000003e8   0x00000006   Code   RO          317    .text               c_p.l(heapauxi.o)
    0x000003ee   0x000003ee   0x0000000a   Code   RO          343    .text               c_p.l(_sputc.o)
    0x000003f8   0x000003f8   0x00000008   Code   RO          393    .text               c_p.l(libspace.o)
    0x00000400   0x00000400   0x00000010   Code   RO          241    .ARM.__at_0x400     startup_mkl05z4.o
    0x00000410   0x00000410   0x00000198   Code   RO           51    .text               i2c.o
    0x000005a8   0x000005a8   0x00000214   Code   RO           82    .text               lcd1602.o
    0x000007bc   0x000007bc   0x00000330   Code   RO          142    .text               led.o
    0x00000aec   0x00000aec   0x0000081c   Code   RO          164    .text               fsm.o
    0x00001308   0x00001308   0x00000134   Code   RO          197    .text               buttons.o
    0x0000143c   0x0000143c   0x00000080   Code   RO          220    .text               uart0.o
    0x000014bc   0x000014bc   0x0000016c   Code   RO          250    .text               system_mkl05z4.o
    0x00001628   0x00001628   0x0000006c   Code   RO          280    .text               c_p.l(__printf.o)
    0x00001694   0x00001694   0x00000052   Code   RO          282    .text               c_p.l(_printf_str.o)
    0x000016e6   0x000016e6   0x00000002   PAD
    0x000016e8   0x000016e8   0x0000006c   Code   RO          284    .text               c_p.l(_printf_dec.o)
    0x00001754   0x00001754   0x0000015a   Code   RO          313    .text               c_p.l(aeabi_sdiv.o)
    0x000018ae   0x000018ae   0x00000002   PAD
    0x000018b0   0x000018b0   0x00000358   Code   RO          321    .text               fz_ps.l(daddsub.o)
    0x00001c08   0x00001c08   0x00000448   Code   RO          323    .text               fz_ps.l(ddiv.o)
    0x00002050   0x00002050   0x00000054   Code   RO          328    .text               fz_ps.l(f2d.o)
    0x000020a4   0x000020a4   0x0000005e   Code   RO          330    .text               fz_ps.l(fflti.o)
    0x00002102   0x00002102   0x000000b0   Code   RO          339    .text               c_p.l(_printf_intcommon.o)
    0x000021b2   0x000021b2   0x00000002   PAD
    0x000021b4   0x000021b4   0x00000030   Code   RO          341    .text               c_p.l(_printf_char_common.o)
    0x000021e4   0x000021e4   0x0000002e   Code   RO          345    .text               c_p.l(_printf_char.o)
    0x00002212   0x00002212   0x00000028   Code   RO          348    .text               c_p.l(rtudiv10.o)
    0x0000223a   0x0000223a   0x00000002   PAD
    0x0000223c   0x0000223c   0x00000090   Code   RO          350    .text               fz_ps.l(dcmpin.o)
    0x000022cc   0x000022cc   0x0000002e   Code   RO          372    .text               fz_ps.l(cmpret.o)
    0x000022fa   0x000022fa   0x00000002   PAD
    0x000022fc   0x000022fc   0x00000014   Code   RO          374    .text               fz_ps.l(dnan2.o)
    0x00002310   0x00002310   0x0000003e   Code   RO          376    .text               c_p.l(sys_stackheap_outer.o)
    0x0000234e   0x0000234e   0x00000010   Code   RO          379    .text               c_p.l(exit.o)
    0x0000235e   0x0000235e   0x0000005e   Code   RO          391    .text               fz_ps.l(retnan.o)
    0x000023bc   0x000023bc   0x0000000c   Code   RO          450    .text               c_p.l(sys_exit.o)
    0x000023c8   0x000023c8   0x00000002   Code   RO          469    .text               c_p.l(use_no_semi.o)
    0x000023ca   0x000023ca   0x00000000   Code   RO          471    .text               c_p.l(indicate_semi.o)
    0x000023ca   0x000023ca   0x00000056   Code   RO          525    .text               c_p.l(__dczerorl2.o)
    0x00002420   0x00002420   0x0000001c   Code   RO          183    i.__ARM_common_switch8  fsm.o
    0x0000243c   0x0000243c   0x00000064   Code   RO          326    x$fpl$dleqf         fz_ps.l(dlef.o)
    0x000024a0   0x000024a0   0x000000b0   Code   RO          332    x$fpl$fmul          fz_ps.l(fmul.o)
    0x00002550   0x00002550   0x00000000   Code   RO          352    x$fpl$usenofp       fz_ps.l(usenofp.o)
    0x00002550   0x00002550   0x00000080   Data   RO          324    .constdata          fz_ps.l(ddiv.o)
    0x000025d0   0x000025d0   0x00000020   Data   RO          523    Region$$Table       anon$$obj.o


    Execution Region RW_IRAM1 (Exec base: 0x1ffffc00, Load base: 0x000025f0, Size: 0x00000a10, Max: 0x00001000, ABSOLUTE, COMPRESSED[0x000000b8])

    Exec Addr    Load Addr    Size         Type   Attr      Idx    E Section Name        Object

    0x1ffffc00   COMPRESSED   0x00000004   Data   RW           52    .data               i2c.o
    0x1ffffc04   COMPRESSED   0x00000002   Data   RW           83    .data               lcd1602.o
    0x1ffffc06   COMPRESSED   0x00000002   PAD
    0x1ffffc08   COMPRESSED   0x000000c0   Data   RW          143    .data               led.o
    0x1ffffcc8   COMPRESSED   0x00000140   Data   RW          166    .data               fsm.o
    0x1ffffe08   COMPRESSED   0x00000004   Data   RW          251    .data               system_mkl05z4.o
    0x1ffffe0c   COMPRESSED   0x00000004   PAD
    0x1ffffe10        -       0x000004a0   Zero   RW          165    .bss                fsm.o
    0x200002b0        -       0x00000060   Zero   RW          394    .bss                c_p.l(libspace.o)
    0x20000310        -       0x00000000   Zero   RW          239    HEAP                startup_mkl05z4.o
    0x20000310        -       0x00000300   Zero   RW          238    STACK               startup_mkl05z4.o


==============================================================================

Image component sizes


      Code (inc. data)   RO Data    RW Data    ZI Data      Debug   Object Name

       292         22          0          0          0      89095   adc.o
       308         24          0          0          0       8981   buttons.o
      2104        584          0        320       1184      13184   fsm.o
       408         24          0          4          0       1767   i2c.o
       532         26          0          2          0       3256   lcd1602.o
       816         22          0        192          0       1496   led.o
       208         20          0          0          0       9279   main.o
        68         38        192          0        768        900   startup_mkl05z4.o
       364         40          0          4          0       1173   system_mkl05z4.o
       128         12          0          0          0        429   uart0.o

    ----------------------------------------------------------------------
      5228        812        224        524       1956     129560   Object Totals
         0          0         32          0          0          0   (incl. Generated)
         0          0          0          2          4          0   (incl. Padding)

    ----------------------------------------------------------------------

      Code (inc. data)   RO Data    RW Data    ZI Data      Debug   Library Member Name

        86          0          0          0          0          0   __dczerorl2.o
         8          0          0          0          0         68   __main.o
       108          0          0          0          0         76   __printf.o
         0          0          0          0          0          0   __rtentry.o
        12          0          0          0          0          0   __rtentry2.o
         6          0          0          0          0          0   __rtentry4.o
        60          8          0          0          0          0   __scatter.o
        28          0          0          0          0          0   __scatter_zi.o
        10          0          0          0          0          0   _printf_c.o
        46          0          0          0          0        100   _printf_char.o
        48          6          0          0          0         88   _printf_char_common.o
        10          0          0          0          0          0   _printf_d.o
       108         18          0          0          0         76   _printf_dec.o
       176          0          0          0          0         84   _printf_intcommon.o
         2          0          0          0          0          0   _printf_percent.o
         4          0          0          0          0          0   _printf_percent_end.o
        82          0          0          0          0         72   _printf_str.o
        10          0          0          0          0         60   _sputc.o
       346          0          0          0          0         92   aeabi_sdiv.o
        16          0          0          0          0         68   exit.o
         6          0          0          0          0        136   heapauxi.o
         0          0          0          0          0          0   indicate_semi.o
         2          0          0          0          0          0   libinit.o
         2          0          0          0          0          0   libinit2.o
         2          0          0          0          0          0   libshutdown.o
         2          0          0          0          0          0   libshutdown2.o
         8          4          0          0         96         68   libspace.o
        40          4          0          0          0         84   noretval__2sprintf.o
        56          0          0          0          0         68   rt_memcpy.o
         2          0          0          0          0          0   rtexit.o
        10          0          0          0          0          0   rtexit2.o
        40          0          0          0          0         60   rtudiv10.o
        12          4          0          0          0         60   sys_exit.o
        62          0          0          0          0         80   sys_stackheap_outer.o
         2          0          0          0          0         68   use_no_semi.o
        46          0          0          0          0         60   cmpret.o
       856         20          0          0          0        208   daddsub.o
       144          4          0          0          0         76   dcmpin.o
      1096         26        128          0          0        112   ddiv.o
       100          4          0          0          0         92   dlef.o
        20          6          0          0          0         68   dnan2.o
        84          4          0          0          0         60   f2d.o
        94          0          0          0          0         92   fflti.o
       176          4          0          0          0         80   fmul.o
        94          0          0          0          0         68   retnan.o
         0          0          0          0          0          0   usenofp.o

    ----------------------------------------------------------------------
      4132        112        128          0         96       2324   Library Totals
        10          0          0          0          0          0   (incl. Padding)

    ----------------------------------------------------------------------

      Code (inc. data)   RO Data    RW Data    ZI Data      Debug   Library Name

      1412         44          0          0         96       1408   c_p.l
      2710         68        128          0          0        916   fz_ps.l

    ----------------------------------------------------------------------
      4132        112        128          0         96       2324   Library Totals

    ----------------------------------------------------------------------

==============================================================================


      Code (inc. data)   RO Data    RW Data    ZI Data      Debug   

      9360        924        352        524       2052     130312   Grand Totals
      9360        924        352        184       2052     130312   ELF Image Totals (compressed)
      9360        924        352        184          0          0   ROM Totals

==============================================================================

    Total RO  Size (Code + RO Data)                 9712 (   9.48kB)
    Total RW  Size (RW Data + ZI Data)              2576 (   2.52kB)
    Total ROM Size (Code + RO Data + RW Data)       9896 (   9.66kB)

==============================================================================

